C51 COMPILER V9.60.0.0   CODE                                                              06/02/2023 10:37:50 PAGE 1   


C51 COMPILER V9.60.0.0, COMPILATION OF MODULE CODE
OBJECT MODULE PLACED IN .\Objects\code.obj
COMPILER INVOKED BY: C:\Keil C\C51\BIN\C51.EXE code.c OPTIMIZE(8,SPEED) BROWSE DEBUG OBJECTEXTEND PRINT(.\Listings\code.
                    -lst) OBJECT(.\Objects\code.obj)

line level    source

   1          #include <REGX51.H>
   2          #define RS P2_0
   3          #define RW P2_1
   4          #define EN P2_2
   5          #define DATA P3
   6          
   7          unsigned char a[16]="            TDH";
   8          unsigned char c[16];
   9          
  10          void delay(int t){
  11   1              unsigned int j;
  12   1              for(j=0;j<t;j++){
  13   2                      TMOD=0x01; // timer0, mode1
  14   2                      TH0=0xFC; //delay 1ms
  15   2                      TL0=0x18;
  16   2                      TR0=1;
  17   2                      while(!TF0);
  18   2                      TF0=0;
  19   2                      TR0=0;
  20   2              }
  21   1      }
  22          
  23          void LCD_Cmd(unsigned char cmd){
  24   1              RS=0;
  25   1              RW=0;
  26   1              DATA=cmd;
  27   1              
  28   1              EN=1;
  29   1              delay(1);
  30   1              EN=0;
  31   1              delay(5);
  32   1      }
  33          
  34          void LCD_Write(unsigned char Data){
  35   1              RS=1;
  36   1              RW=0;
  37   1              DATA=Data;
  38   1              
  39   1              EN=1;
  40   1              delay(1);
  41   1              EN=0;
  42   1              delay(5);
  43   1      }
  44          
  45          void display(){
  46   1              unsigned int i;
  47   1              for(i=0;i<=15;i++){
  48   2                      LCD_Write(a[i]);
  49   2                      
  50   2              }
  51   1              delay(500);
  52   1              LCD_Cmd(0x01);
  53   1              
  54   1              c[15]=a[0];
C51 COMPILER V9.60.0.0   CODE                                                              06/02/2023 10:37:50 PAGE 2   

  55   1              for(i=0;i<=14;i++){
  56   2                      c[i]=a[i+1];
  57   2              }
  58   1              for(i=0;i<=15;i++){
  59   2                      a[i]=c[i];
  60   2              }
  61   1      }
  62          
  63          void main(){
  64   1              LCD_Cmd(0x38);
  65   1              LCD_Cmd(0x0C);
  66   1              //LCD_Write('A');
  67   1              while(1){
  68   2                      //display();
  69   2              }
  70   1      }


MODULE INFORMATION:   STATIC OVERLAYABLE
   CODE SIZE        =    173    ----
   CONSTANT SIZE    =   ----    ----
   XDATA SIZE       =   ----    ----
   PDATA SIZE       =   ----    ----
   DATA SIZE        =     32    ----
   IDATA SIZE       =   ----    ----
   BIT SIZE         =   ----    ----
END OF MODULE INFORMATION.


C51 COMPILATION COMPLETE.  0 WARNING(S),  0 ERROR(S)
